// Jest Snapshot v1, https://goo.gl/fbAQLP

exports[`<RequesterConfig /> Should render 1`] = `
<Memo(ForwardRef(Pane))>
  <Memo(ForwardRef(Heading))
    marginBottom={8}
  >
    Requester
  </Memo(ForwardRef(Heading))>
  <Memo(ForwardRef(Pane))>
    <Memo(ForwardRef(Alert))
      intent="none"
      isRemoveable={true}
      onRemove={[Function]}
      title="What is a Requester?"
    >
      A Requester is how your automation asks CFA for a 2FA token. This is normally your CI provider, E.g. Circle CI.
    </Memo(ForwardRef(Alert))>
  </Memo(ForwardRef(Pane))>
  <Memo(ForwardRef(Pane))
    marginY={8}
  >
    <ForwardRef(Tablist)>
      <Memo(ForwardRef(Tab))
        isSelected={false}
        onSelect={[Function]}
        style={
          {
            "paddingLeft": 28,
            "position": "relative",
          }
        }
      >
        <CircleCILogo
          className="tabIcon"
        />
         Circle CI
      </Memo(ForwardRef(Tab))>
      <Memo(ForwardRef(Tab))
        isSelected={false}
        onSelect={[Function]}
        style={
          {
            "paddingLeft": 28,
            "position": "relative",
          }
        }
      >
        <TravisCILogo
          className="tabIcon"
        />
         Travis CI
      </Memo(ForwardRef(Tab))>
      <Memo(ForwardRef(Tab))
        disabled={true}
      >
        More Coming Soon...
      </Memo(ForwardRef(Tab))>
    </ForwardRef(Tablist)>
  </Memo(ForwardRef(Pane))>
  <Memo(ForwardRef(Pane))
    className="configBox"
    marginY={8}
  >
    <Memo(ForwardRef(Paragraph))>
      No Requester has been configured, choose one to get started!
    </Memo(ForwardRef(Paragraph))>
  </Memo(ForwardRef(Pane))>
</Memo(ForwardRef(Pane))>
`;
