// Jest Snapshot v1, https://goo.gl/fbAQLP

exports[`<TravisCIRequesterConfig /> Should render a GenericAccessTokenRequesterConfig 1`] = `
<GenericAccessTokenRequesterConfig
  originalAccessToken=""
  project={
    {
      "defaultBranch": "main",
      "enabled": true,
      "id": "123",
      "repoName": "my-repo",
      "repoOwner": "my-owner",
      "requester_circleCI": null,
      "requester_travisCI": null,
      "responder_slack": null,
      "secret": "my_secret",
    }
  }
  requesterName="Travis CI"
  setProject={[Function]}
  slug="travisci"
>
  <Memo(ForwardRef(Heading))
    marginBottom={8}
    size={400}
  >
    Travis CI Access Token
  </Memo(ForwardRef(Heading))>
  <Memo(ForwardRef(Paragraph))
    marginBottom={4}
  >
    You can get your access token in your Travis CI
     
    <a
      href="https://travis-ci.org/account/preferences"
      rel="noreferrer noopener"
      target="_blank"
    >
      Account Settings
    </a>
    .
  </Memo(ForwardRef(Paragraph))>
</GenericAccessTokenRequesterConfig>
`;
